[2024-06-27 17:48:58] production.ERROR: Target class [config] does not exist. {"exception":"[object] (Illuminate\\Contracts\\Container\\BindingResolutionException(code: 0): Target class [config] does not exist. at D:\\Git ZR\\MekanikListrik\\vendor\\laravel\\framework\\src\\Illuminate\\Container\\Container.php:906)
[stacktrace]
#0 D:\\Git ZR\\MekanikListrik\\vendor\\laravel\\framework\\src\\Illuminate\\Container\\Container.php(787): Illuminate\\Container\\Container->build('config')
#1 D:\\Git ZR\\MekanikListrik\\vendor\\laravel\\framework\\src\\Illuminate\\Foundation\\Application.php(1041): Illuminate\\Container\\Container->resolve('config', Array, true)
#2 D:\\Git ZR\\MekanikListrik\\vendor\\laravel\\framework\\src\\Illuminate\\Container\\Container.php(723): Illuminate\\Foundation\\Application->resolve('config', Array)
#3 D:\\Git ZR\\MekanikListrik\\vendor\\laravel\\framework\\src\\Illuminate\\Foundation\\Application.php(1026): Illuminate\\Container\\Container->make('config', Array)
#4 D:\\Git ZR\\MekanikListrik\\vendor\\laravel\\framework\\src\\Illuminate\\Foundation\\helpers.php(122): Illuminate\\Foundation\\Application->make('config', Array)
#5 D:\\Git ZR\\MekanikListrik\\vendor\\laravel\\framework\\src\\Illuminate\\Foundation\\helpers.php(276): app('config')
#6 D:\\Git ZR\\MekanikListrik\\vendor\\laravel\\sanctum\\src\\Sanctum.php(37): config('app.url')
#7 D:\\Git ZR\\MekanikListrik\\config\\sanctum.php(24): Laravel\\Sanctum\\Sanctum::currentApplicationUrlWithPort()
#8 D:\\Git ZR\\MekanikListrik\\vendor\\laravel\\framework\\src\\Illuminate\\Foundation\\Bootstrap\\LoadConfiguration.php(96): require('D:\\\\Git ZR\\\\Mekan...')
#9 D:\\Git ZR\\MekanikListrik\\vendor\\laravel\\framework\\src\\Illuminate\\Foundation\\Bootstrap\\LoadConfiguration.php(77): Illuminate\\Foundation\\Bootstrap\\LoadConfiguration->loadConfigurationFile(Object(Illuminate\\Config\\Repository), 'sanctum', 'D:\\\\Git ZR\\\\Mekan...', Array)
#10 D:\\Git ZR\\MekanikListrik\\vendor\\laravel\\framework\\src\\Illuminate\\Foundation\\Bootstrap\\LoadConfiguration.php(38): Illuminate\\Foundation\\Bootstrap\\LoadConfiguration->loadConfigurationFiles(Object(Illuminate\\Foundation\\Application), Object(Illuminate\\Config\\Repository))
#11 D:\\Git ZR\\MekanikListrik\\vendor\\laravel\\framework\\src\\Illuminate\\Foundation\\Application.php(316): Illuminate\\Foundation\\Bootstrap\\LoadConfiguration->bootstrap(Object(Illuminate\\Foundation\\Application))
#12 D:\\Git ZR\\MekanikListrik\\vendor\\laravel\\framework\\src\\Illuminate\\Foundation\\Http\\Kernel.php(186): Illuminate\\Foundation\\Application->bootstrapWith(Array)
#13 D:\\Git ZR\\MekanikListrik\\vendor\\laravel\\framework\\src\\Illuminate\\Foundation\\Http\\Kernel.php(170): Illuminate\\Foundation\\Http\\Kernel->bootstrap()
#14 D:\\Git ZR\\MekanikListrik\\vendor\\laravel\\framework\\src\\Illuminate\\Foundation\\Http\\Kernel.php(144): Illuminate\\Foundation\\Http\\Kernel->sendRequestThroughRouter(Object(Illuminate\\Http\\Request))
#15 D:\\Git ZR\\MekanikListrik\\public\\index.php(51): Illuminate\\Foundation\\Http\\Kernel->handle(Object(Illuminate\\Http\\Request))
#16 D:\\Git ZR\\MekanikListrik\\vendor\\laravel\\framework\\src\\Illuminate\\Foundation\\resources\\server.php(16): require_once('D:\\\\Git ZR\\\\Mekan...')
#17 {main}

[previous exception] [object] (ReflectionException(code: -1): Class \"config\" does not exist at D:\\Git ZR\\MekanikListrik\\vendor\\laravel\\framework\\src\\Illuminate\\Container\\Container.php:904)
[stacktrace]
#0 D:\\Git ZR\\MekanikListrik\\vendor\\laravel\\framework\\src\\Illuminate\\Container\\Container.php(904): ReflectionClass->__construct('config')
#1 D:\\Git ZR\\MekanikListrik\\vendor\\laravel\\framework\\src\\Illuminate\\Container\\Container.php(787): Illuminate\\Container\\Container->build('config')
#2 D:\\Git ZR\\MekanikListrik\\vendor\\laravel\\framework\\src\\Illuminate\\Foundation\\Application.php(1041): Illuminate\\Container\\Container->resolve('config', Array, true)
#3 D:\\Git ZR\\MekanikListrik\\vendor\\laravel\\framework\\src\\Illuminate\\Container\\Container.php(723): Illuminate\\Foundation\\Application->resolve('config', Array)
#4 D:\\Git ZR\\MekanikListrik\\vendor\\laravel\\framework\\src\\Illuminate\\Foundation\\Application.php(1026): Illuminate\\Container\\Container->make('config', Array)
#5 D:\\Git ZR\\MekanikListrik\\vendor\\laravel\\framework\\src\\Illuminate\\Foundation\\helpers.php(122): Illuminate\\Foundation\\Application->make('config', Array)
#6 D:\\Git ZR\\MekanikListrik\\vendor\\laravel\\framework\\src\\Illuminate\\Foundation\\helpers.php(276): app('config')
#7 D:\\Git ZR\\MekanikListrik\\vendor\\laravel\\sanctum\\src\\Sanctum.php(37): config('app.url')
#8 D:\\Git ZR\\MekanikListrik\\config\\sanctum.php(24): Laravel\\Sanctum\\Sanctum::currentApplicationUrlWithPort()
#9 D:\\Git ZR\\MekanikListrik\\vendor\\laravel\\framework\\src\\Illuminate\\Foundation\\Bootstrap\\LoadConfiguration.php(96): require('D:\\\\Git ZR\\\\Mekan...')
#10 D:\\Git ZR\\MekanikListrik\\vendor\\laravel\\framework\\src\\Illuminate\\Foundation\\Bootstrap\\LoadConfiguration.php(77): Illuminate\\Foundation\\Bootstrap\\LoadConfiguration->loadConfigurationFile(Object(Illuminate\\Config\\Repository), 'sanctum', 'D:\\\\Git ZR\\\\Mekan...', Array)
#11 D:\\Git ZR\\MekanikListrik\\vendor\\laravel\\framework\\src\\Illuminate\\Foundation\\Bootstrap\\LoadConfiguration.php(38): Illuminate\\Foundation\\Bootstrap\\LoadConfiguration->loadConfigurationFiles(Object(Illuminate\\Foundation\\Application), Object(Illuminate\\Config\\Repository))
#12 D:\\Git ZR\\MekanikListrik\\vendor\\laravel\\framework\\src\\Illuminate\\Foundation\\Application.php(316): Illuminate\\Foundation\\Bootstrap\\LoadConfiguration->bootstrap(Object(Illuminate\\Foundation\\Application))
#13 D:\\Git ZR\\MekanikListrik\\vendor\\laravel\\framework\\src\\Illuminate\\Foundation\\Http\\Kernel.php(186): Illuminate\\Foundation\\Application->bootstrapWith(Array)
#14 D:\\Git ZR\\MekanikListrik\\vendor\\laravel\\framework\\src\\Illuminate\\Foundation\\Http\\Kernel.php(170): Illuminate\\Foundation\\Http\\Kernel->bootstrap()
#15 D:\\Git ZR\\MekanikListrik\\vendor\\laravel\\framework\\src\\Illuminate\\Foundation\\Http\\Kernel.php(144): Illuminate\\Foundation\\Http\\Kernel->sendRequestThroughRouter(Object(Illuminate\\Http\\Request))
#16 D:\\Git ZR\\MekanikListrik\\public\\index.php(51): Illuminate\\Foundation\\Http\\Kernel->handle(Object(Illuminate\\Http\\Request))
#17 D:\\Git ZR\\MekanikListrik\\vendor\\laravel\\framework\\src\\Illuminate\\Foundation\\resources\\server.php(16): require_once('D:\\\\Git ZR\\\\Mekan...')
#18 {main}
"} 
